// Jest Snapshot v1, https://goo.gl/fbAQLP

exports[`Context button works Context Provider should render correctly 1`] = `ShallowWrapper {}`;
